env: load .env
env: export EXPO_PUBLIC_FIREBASE_API_KEY EXPO_PUBLIC_FIREBASE_AUTH_DOMAIN EXPO_PUBLIC_FIREBASE_PROJECT_ID EXPO_PUBLIC_FIREBASE_STORAGE_BUCKET EXPO_PUBLIC_FIREBASE_MESSAGING_SENDER_ID EXPO_PUBLIC_FIREBASE_APP_ID EXPO_PUBLIC_OPENAI_API_KEY
Starting Metro Bundler
node.exe : SyntaxError: SyntaxError: D:\VELURA\velura\app\(tabs)\index.tsx: Expected corresponding JSX closing tag for 
<ScrollView>. (555:8)
At line:1 char:1
+ & "C:\Program Files\nodejs/node.exe" "C:\Program Files\nodejs/node_mo ...
+ ~~~~~~~~~~~~~~~~~~~~~~~~~~~~~~~~~~~~~~~~~~~~~~~~~~~~~~~~~~~~~~~~~~~~~
    + CategoryInfo          : NotSpecified: (SyntaxError: Sy...lView>. (555:8):String) [], RemoteException
    + FullyQualifiedErrorId : NativeCommandError
 

[0m [90m 553 |[39m         )}
 [90m 554 |[39m
[31m[1m>[22m[39m[90m 555 |[39m         [33m<[39m[33m/[39m[33mView[39m[33m>[39m
 [90m     |[39m         [31m[1m^[22m[39m
 [90m 556 |[39m
 [90m 557 |[39m         {[90m/* Orbit Interface UI */[39m}
 [90m 558 |[39m         [33m<[39m[33mView[39m style[33m=[39m{styles[33m.[39msection}[33m>[39m[0m
SyntaxError: D:\VELURA\velura\app\(tabs)\index.tsx: Expected corresponding JSX closing tag for <ScrollView>. (555:8)

[0m [90m 553 |[39m         )}
 [90m 554 |[39m
[31m[1m>[22m[39m[90m 555 |[39m         [33m<[39m[33m/[39m[33mView[39m[33m>[39m
 [90m     |[39m         [31m[1m^[22m[39m
 [90m 556 |[39m
 [90m 557 |[39m         {[90m/* Orbit Interface UI */[39m}
 [90m 558 |[39m         [33m<[39m[33mView[39m style[33m=[39m{styles[33m.[39msection}[33m>[39m[0m
    at constructor (D:\VELURA\velura\node_modules\@babel\parser\lib\index.js:365:19)
    at TypeScriptParserMixin.raise (D:\VELURA\velura\node_modules\@babel\parser\lib\index.js:6599:19)
    at TypeScriptParserMixin.jsxParseElementAt (D:\VELURA\velura\node_modules\@babel\parser\lib\index.js:4727:16)
    at TypeScriptParserMixin.jsxParseElementAt (D:\VELURA\velura\node_modules\@babel\parser\lib\index.js:4698:32)
    at TypeScriptParserMixin.jsxParseElement (D:\VELURA\velura\node_modules\@babel\parser\lib\index.js:4749:17)
    at TypeScriptParserMixin.parseExprAtom (D:\VELURA\velura\node_modules\@babel\parser\lib\index.js:4759:19)
    at TypeScriptParserMixin.parseExprSubscripts (D:\VELURA\velura\node_modules\@babel\parser\lib\index.js:11081:23)
    at TypeScriptParserMixin.parseUpdate (D:\VELURA\velura\node_modules\@babel\parser\lib\index.js:11066:21)
    at TypeScriptParserMixin.parseMaybeUnary (D:\VELURA\velura\node_modules\@babel\parser\lib\index.js:11046:23)
    at TypeScriptParserMixin.parseMaybeUnary (D:\VELURA\velura\node_modules\@babel\parser\lib\index.js:9837:18)
    at TypeScriptParserMixin.parseMaybeUnaryOrPrivate 
(D:\VELURA\velura\node_modules\@babel\parser\lib\index.js:10899:61)
    at TypeScriptParserMixin.parseExprOps (D:\VELURA\velura\node_modules\@babel\parser\lib\index.js:10904:23)
    at TypeScriptParserMixin.parseMaybeConditional (D:\VELURA\velura\node_modules\@babel\parser\lib\index.js:10881:23)
    at TypeScriptParserMixin.parseMaybeAssign (D:\VELURA\velura\node_modules\@babel\parser\lib\index.js:10831:21)
    at D:\VELURA\velura\node_modules\@babel\parser\lib\index.js:9775:39
    at TypeScriptParserMixin.tryParse (D:\VELURA\velura\node_modules\@babel\parser\lib\index.js:6907:20)
    at TypeScriptParserMixin.parseMaybeAssign (D:\VELURA\velura\node_modules\@babel\parser\lib\index.js:9775:18)
    at D:\VELURA\velura\node_modules\@babel\parser\lib\index.js:10800:39
    at TypeScriptParserMixin.allowInAnd (D:\VELURA\velura\node_modules\@babel\parser\lib\index.js:12426:12)
    at TypeScriptParserMixin.parseMaybeAssignAllowIn 
(D:\VELURA\velura\node_modules\@babel\parser\lib\index.js:10800:17)
    at TypeScriptParserMixin.parseMaybeAssignAllowInOrVoidPattern 
(D:\VELURA\velura\node_modules\@babel\parser\lib\index.js:12493:17)
    at TypeScriptParserMixin.parseParenAndDistinguishExpression 
(D:\VELURA\velura\node_modules\@babel\parser\lib\index.js:11675:28)
    at TypeScriptParserMixin.parseExprAtom (D:\VELURA\velura\node_modules\@babel\parser\lib\index.js:11331:23)
    at TypeScriptParserMixin.parseExprAtom (D:\VELURA\velura\node_modules\@babel\parser\lib\index.js:4764:20)
    at TypeScriptParserMixin.parseExprSubscripts (D:\VELURA\velura\node_modules\@babel\parser\lib\index.js:11081:23)
    at TypeScriptParserMixin.parseUpdate (D:\VELURA\velura\node_modules\@babel\parser\lib\index.js:11066:21)
    at TypeScriptParserMixin.parseMaybeUnary (D:\VELURA\velura\node_modules\@babel\parser\lib\index.js:11046:23)
    at TypeScriptParserMixin.parseMaybeUnary (D:\VELURA\velura\node_modules\@babel\parser\lib\index.js:9837:18)
    at TypeScriptParserMixin.parseMaybeUnaryOrPrivate 
(D:\VELURA\velura\node_modules\@babel\parser\lib\index.js:10899:61)
    at TypeScriptParserMixin.parseExprOps (D:\VELURA\velura\node_modules\@babel\parser\lib\index.js:10904:23)
    at TypeScriptParserMixin.parseMaybeConditional (D:\VELURA\velura\node_modules\@babel\parser\lib\index.js:10881:23)
    at TypeScriptParserMixin.parseMaybeAssign (D:\VELURA\velura\node_modules\@babel\parser\lib\index.js:10831:21)
    at TypeScriptParserMixin.parseMaybeAssign (D:\VELURA\velura\node_modules\@babel\parser\lib\index.js:9786:20)
    at TypeScriptParserMixin.parseExpressionBase (D:\VELURA\velura\node_modules\@babel\parser\lib\index.js:10784:23)
    at D:\VELURA\velura\node_modules\@babel\parser\lib\index.js:10780:39
    at TypeScriptParserMixin.allowInAnd (D:\VELURA\velura\node_modules\@babel\parser\lib\index.js:12421:16)
    at TypeScriptParserMixin.parseExpression (D:\VELURA\velura\node_modules\@babel\parser\lib\index.js:10780:17)
    at TypeScriptParserMixin.parseReturnStatement (D:\VELURA\velura\node_modules\@babel\parser\lib\index.js:13142:28)
    at TypeScriptParserMixin.parseStatementContent (D:\VELURA\velura\node_modules\@babel\parser\lib\index.js:12798:21)
    at TypeScriptParserMixin.parseStatementContent (D:\VELURA\velura\node_modules\@babel\parser\lib\index.js:9508:18)
    at TypeScriptParserMixin.parseStatementLike (D:\VELURA\velura\node_modules\@babel\parser\lib\index.js:12767:17)
    at TypeScriptParserMixin.parseStatementListItem (D:\VELURA\velura\node_modules\@babel\parser\lib\index.js:12747:17)
    at TypeScriptParserMixin.parseBlockOrModuleBlockBody 
(D:\VELURA\velura\node_modules\@babel\parser\lib\index.js:13316:61)
    at TypeScriptParserMixin.parseBlockBody (D:\VELURA\velura\node_modules\@babel\parser\lib\index.js:13309:10)
    at TypeScriptParserMixin.parseBlock (D:\VELURA\velura\node_modules\@babel\parser\lib\index.js:13297:10)
    at TypeScriptParserMixin.parseFunctionBody (D:\VELURA\velura\node_modules\@babel\parser\lib\index.js:12100:24)
    at TypeScriptParserMixin.parseFunctionBodyAndFinish 
(D:\VELURA\velura\node_modules\@babel\parser\lib\index.js:12086:10)
    at TypeScriptParserMixin.parseFunctionBodyAndFinish 
(D:\VELURA\velura\node_modules\@babel\parser\lib\index.js:9172:18)
    at D:\VELURA\velura\node_modules\@babel\parser\lib\index.js:13445:12
    at TypeScriptParserMixin.withSmartMixTopicForbiddingContext 
(D:\VELURA\velura\node_modules\@babel\parser\lib\index.js:12403:14)
